{"daily": [{"datetime": "2022-03-09T00:00:00", "value_kWh": 8.85, "delta_h": 23, "value_p1_kWh": 3.88, "value_p2_kWh": 2.61, "value_p3_kWh": 2.37}, {"datetime": "2022-03-10T00:00:00", "value_kWh": 13.06, "delta_h": 24, "value_p1_kWh": 4.31, "value_p2_kWh": 5.03, "value_p3_kWh": 3.73}, {"datetime": "2022-03-11T00:00:00", "value_kWh": 9.54, "delta_h": 24, "value_p1_kWh": 4.43, "value_p2_kWh": 3.15, "value_p3_kWh": 1.96}, {"datetime": "2022-03-12T00:00:00", "value_kWh": 8.65, "delta_h": 24, "value_p1_kWh": 0, "value_p2_kWh": 0, "value_p3_kWh": 8.65}, {"datetime": "2022-03-13T00:00:00", "value_kWh": 8.87, "delta_h": 24, "value_p1_kWh": 0, "value_p2_kWh": 0, "value_p3_kWh": 8.87}, {"datetime": "2022-03-14T00:00:00", "value_kWh": 12.38, "delta_h": 24, "value_p1_kWh": 4.84, "value_p2_kWh": 4.67, "value_p3_kWh": 2.87}, {"datetime": "2022-03-15T00:00:00", "value_kWh": 10.55, "delta_h": 24, "value_p1_kWh": 3.4, "value_p2_kWh": 4.8, "value_p3_kWh": 2.34}, {"datetime": "2022-03-16T00:00:00", "value_kWh": 10.22, "delta_h": 24, "value_p1_kWh": 5.17, "value_p2_kWh": 3.02, "value_p3_kWh": 2.04}, {"datetime": "2022-03-17T00:00:00", "value_kWh": 10.97, "delta_h": 24, "value_p1_kWh": 4.27, "value_p2_kWh": 3.95, "value_p3_kWh": 2.75}, {"datetime": "2022-03-18T00:00:00", "value_kWh": 8.05, "delta_h": 24, "value_p1_kWh": 3.06, "value_p2_kWh": 3.28, "value_p3_kWh": 1.71}, {"datetime": "2022-03-19T00:00:00", "value_kWh": 8.72, "delta_h": 24, "value_p1_kWh": 0, "value_p2_kWh": 0, "value_p3_kWh": 8.72}, {"datetime": "2022-03-20T00:00:00", "value_kWh": 9.75, "delta_h": 24, "value_p1_kWh": 0, "value_p2_kWh": 0, "value_p3_kWh": 9.75}, {"datetime": "2022-03-21T00:00:00", "value_kWh": 9.17, "delta_h": 24, "value_p1_kWh": 3.64, "value_p2_kWh": 3.57, "value_p3_kWh": 1.96}, {"datetime": "2022-03-22T00:00:00", "value_kWh": 7.6, "delta_h": 24, "value_p1_kWh": 3.07, "value_p2_kWh": 2.73, "value_p3_kWh": 1.81}, {"datetime": "2022-03-23T00:00:00", "value_kWh": 6.74, "delta_h": 24, "value_p1_kWh": 2.71, "value_p2_kWh": 2.26, "value_p3_kWh": 1.78}, {"datetime": "2022-03-24T00:00:00", "value_kWh": 9.36, "delta_h": 24, "value_p1_kWh": 4.35, "value_p2_kWh": 3.21, "value_p3_kWh": 1.8}, {"datetime": "2022-03-25T00:00:00", "value_kWh": 8.06, "delta_h": 24, "value_p1_kWh": 2.78, "value_p2_kWh": 3.49, "value_p3_kWh": 1.8}, {"datetime": "2022-03-26T00:00:00", "value_kWh": 10.4, "delta_h": 24, "value_p1_kWh": 0, "value_p2_kWh": 0, "value_p3_kWh": 10.4}, {"datetime": "2022-03-27T00:00:00", "value_kWh": 10.61, "delta_h": 23, "value_p1_kWh": 0, "value_p2_kWh": 0, "value_p3_kWh": 10.61}, {"datetime": "2022-03-28T00:00:00", "value_kWh": 7.88, "delta_h": 24, "value_p1_kWh": 3.02, "value_p2_kWh": 2.78, "value_p3_kWh": 2.08}, {"datetime": "2022-03-29T00:00:00", "value_kWh": 8.1, "delta_h": 24, "value_p1_kWh": 2.9, "value_p2_kWh": 2.91, "value_p3_kWh": 2.29}, {"datetime": "2022-03-30T00:00:00", "value_kWh": 8.38, "delta_h": 24, "value_p1_kWh": 3.61, "value_p2_kWh": 2.8, "value_p3_kWh": 1.97}, {"datetime": "2022-03-31T00:00:00", "value_kWh": 9.4, "delta_h": 24, "value_p1_kWh": 3.24, "value_p2_kWh": 4.09, "value_p3_kWh": 2.08}, {"datetime": "2022-04-01T00:00:00", "value_kWh": 7.88, "delta_h": 24, "value_p1_kWh": 2.65, "value_p2_kWh": 3.4, "value_p3_kWh": 1.83}, {"datetime": "2022-04-02T00:00:00", "value_kWh": 10.75, "delta_h": 24, "value_p1_kWh": 0, "value_p2_kWh": 0, "value_p3_kWh": 10.75}, {"datetime": "2022-04-03T00:00:00", "value_kWh": 9.53, "delta_h": 24, "value_p1_kWh": 0, "value_p2_kWh": 0, "value_p3_kWh": 9.53}, {"datetime": "2022-04-04T00:00:00", "value_kWh": 10.19, "delta_h": 24, "value_p1_kWh": 3.5, "value_p2_kWh": 3.59, "value_p3_kWh": 3.1}, {"datetime": "2022-04-05T00:00:00", "value_kWh": 7.71, "delta_h": 24, "value_p1_kWh": 3.0, "value_p2_kWh": 2.94, "value_p3_kWh": 1.78}, {"datetime": "2022-04-06T00:00:00", "value_kWh": 7.82, "delta_h": 24, "value_p1_kWh": 3.07, "value_p2_kWh": 3.04, "value_p3_kWh": 1.72}, {"datetime": "2022-04-07T00:00:00", "value_kWh": 8.26, "delta_h": 24, "value_p1_kWh": 3.53, "value_p2_kWh": 3.02, "value_p3_kWh": 1.71}, {"datetime": "2022-04-08T00:00:00", "value_kWh": 7.99, "delta_h": 24, "value_p1_kWh": 3.01, "value_p2_kWh": 3.14, "value_p3_kWh": 1.84}, {"datetime": "2022-04-09T00:00:00", "value_kWh": 7.68, "delta_h": 24, "value_p1_kWh": 0, "value_p2_kWh": 0, "value_p3_kWh": 7.68}, {"datetime": "2022-04-10T00:00:00", "value_kWh": 10.25, "delta_h": 24, "value_p1_kWh": 0, "value_p2_kWh": 0, "value_p3_kWh": 10.25}, {"datetime": "2022-04-11T00:00:00", "value_kWh": 7.79, "delta_h": 24, "value_p1_kWh": 2.96, "value_p2_kWh": 3.01, "value_p3_kWh": 1.83}, {"datetime": "2022-04-12T00:00:00", "value_kWh": 10.49, "delta_h": 24, "value_p1_kWh": 3.81, "value_p2_kWh": 4.21, "value_p3_kWh": 2.48}, {"datetime": "2022-04-13T00:00:00", "value_kWh": 7.48, "delta_h": 24, "value_p1_kWh": 3.32, "value_p2_kWh": 2.35, "value_p3_kWh": 1.82}, {"datetime": "2022-04-14T00:00:00", "value_kWh": 9.77, "delta_h": 24, "value_p1_kWh": 5.34, "value_p2_kWh": 2.71, "value_p3_kWh": 1.73}, {"datetime": "2022-04-15T00:00:00", "value_kWh": 8.96, "delta_h": 24, "value_p1_kWh": 0, "value_p2_kWh": 0, "value_p3_kWh": 8.96}, {"datetime": "2022-04-16T00:00:00", "value_kWh": 9.15, "delta_h": 24, "value_p1_kWh": 0, "value_p2_kWh": 0, "value_p3_kWh": 9.15}, {"datetime": "2022-04-17T00:00:00", "value_kWh": 9.69, "delta_h": 24, "value_p1_kWh": 0, "value_p2_kWh": 0, "value_p3_kWh": 9.69}, {"datetime": "2022-04-18T00:00:00", "value_kWh": 8.15, "delta_h": 24, "value_p1_kWh": 2.77, "value_p2_kWh": 3.04, "value_p3_kWh": 2.34}, {"datetime": "2022-04-19T00:00:00", "value_kWh": 8.91, "delta_h": 24, "value_p1_kWh": 2.64, "value_p2_kWh": 3.59, "value_p3_kWh": 2.68}, {"datetime": "2022-04-20T00:00:00", "value_kWh": 11.28, "delta_h": 24, "value_p1_kWh": 3.02, "value_p2_kWh": 4.87, "value_p3_kWh": 3.39}, {"datetime": "2022-04-21T00:00:00", "value_kWh": 10.38, "delta_h": 24, "value_p1_kWh": 4.47, "value_p2_kWh": 3.42, "value_p3_kWh": 2.49}, {"datetime": "2022-04-22T00:00:00", "value_kWh": 9.98, "delta_h": 24, "value_p1_kWh": 4.32, "value_p2_kWh": 3.97, "value_p3_kWh": 1.69}, {"datetime": "2022-04-23T00:00:00", "value_kWh": 9.83, "delta_h": 24, "value_p1_kWh": 0, "value_p2_kWh": 0, "value_p3_kWh": 9.83}, {"datetime": "2022-04-24T00:00:00", "value_kWh": 11.94, "delta_h": 24, "value_p1_kWh": 0, "value_p2_kWh": 0, "value_p3_kWh": 11.94}, {"datetime": "2022-04-25T00:00:00", "value_kWh": 8.08, "delta_h": 24, "value_p1_kWh": 3.02, "value_p2_kWh": 3.17, "value_p3_kWh": 1.89}, {"datetime": "2022-04-26T00:00:00", "value_kWh": 10.46, "delta_h": 24, "value_p1_kWh": 3.02, "value_p2_kWh": 4.15, "value_p3_kWh": 3.29}, {"datetime": "2022-04-27T00:00:00", "value_kWh": 7.49, "delta_h": 24, "value_p1_kWh": 2.56, "value_p2_kWh": 2.99, "value_p3_kWh": 1.93}, {"datetime": "2022-04-28T00:00:00", "value_kWh": 8.07, "delta_h": 24, "value_p1_kWh": 3.16, "value_p2_kWh": 3.13, "value_p3_kWh": 1.78}, {"datetime": "2022-04-29T00:00:00", "value_kWh": 9.02, "delta_h": 24, "value_p1_kWh": 3.55, "value_p2_kWh": 3.83, "value_p3_kWh": 1.64}, {"datetime": "2022-04-30T00:00:00", "value_kWh": 9.16, "delta_h": 24, "value_p1_kWh": 0, "value_p2_kWh": 0, "value_p3_kWh": 9.16}, {"datetime": "2022-05-01T00:00:00", "value_kWh": 9.53, "delta_h": 24, "value_p1_kWh": 0, "value_p2_kWh": 0, "value_p3_kWh": 9.53}, {"datetime": "2022-05-02T00:00:00", "value_kWh": 8.8, "delta_h": 24, "value_p1_kWh": 3.42, "value_p2_kWh": 3.4, "value_p3_kWh": 1.98}, {"datetime": "2022-05-03T00:00:00", "value_kWh": 7.98, "delta_h": 24, "value_p1_kWh": 2.98, "value_p2_kWh": 3.05, "value_p3_kWh": 1.94}, {"datetime": "2022-05-04T00:00:00", "value_kWh": 10.72, "delta_h": 24, "value_p1_kWh": 2.97, "value_p2_kWh": 3.97, "value_p3_kWh": 3.79}, {"datetime": "2022-05-05T00:00:00", "value_kWh": 8.36, "delta_h": 24, "value_p1_kWh": 3.15, "value_p2_kWh": 3.27, "value_p3_kWh": 1.94}, {"datetime": "2022-05-06T00:00:00", "value_kWh": 8.85, "delta_h": 24, "value_p1_kWh": 2.34, "value_p2_kWh": 3.64, "value_p3_kWh": 2.87}, {"datetime": "2022-05-07T00:00:00", "value_kWh": 7.1, "delta_h": 24, "value_p1_kWh": 0, "value_p2_kWh": 0, "value_p3_kWh": 7.1}, {"datetime": "2022-05-08T00:00:00", "value_kWh": 10.34, "delta_h": 24, "value_p1_kWh": 0, "value_p2_kWh": 0, "value_p3_kWh": 10.34}, {"datetime": "2022-05-09T00:00:00", "value_kWh": 9.26, "delta_h": 24, "value_p1_kWh": 2.83, "value_p2_kWh": 4.12, "value_p3_kWh": 2.31}, {"datetime": "2022-05-10T00:00:00", "value_kWh": 11.3, "delta_h": 24, "value_p1_kWh": 2.35, "value_p2_kWh": 4.82, "value_p3_kWh": 4.12}, {"datetime": "2022-05-11T00:00:00", "value_kWh": 6.85, "delta_h": 24, "value_p1_kWh": 2.64, "value_p2_kWh": 2.42, "value_p3_kWh": 1.8}, {"datetime": "2022-05-12T00:00:00", "value_kWh": 7.73, "delta_h": 24, "value_p1_kWh": 2.73, "value_p2_kWh": 3.05, "value_p3_kWh": 1.95}, {"datetime": "2022-05-13T00:00:00", "value_kWh": 9.11, "delta_h": 24, "value_p1_kWh": 4.07, "value_p2_kWh": 3.06, "value_p3_kWh": 1.98}, {"datetime": "2022-05-14T00:00:00", "value_kWh": 7.52, "delta_h": 24, "value_p1_kWh": 0, "value_p2_kWh": 0, "value_p3_kWh": 7.52}, {"datetime": "2022-05-15T00:00:00", "value_kWh": 10.71, "delta_h": 24, "value_p1_kWh": 0, "value_p2_kWh": 0, "value_p3_kWh": 10.71}, {"datetime": "2022-05-16T00:00:00", "value_kWh": 7.67, "delta_h": 24, "value_p1_kWh": 2.9, "value_p2_kWh": 2.84, "value_p3_kWh": 1.93}, {"datetime": "2022-05-17T00:00:00", "value_kWh": 7.79, "delta_h": 24, "value_p1_kWh": 2.8, "value_p2_kWh": 3.14, "value_p3_kWh": 1.85}, {"datetime": "2022-05-18T00:00:00", "value_kWh": 7.4, "delta_h": 24, "value_p1_kWh": 2.61, "value_p2_kWh": 2.83, "value_p3_kWh": 1.95}, {"datetime": "2022-05-19T00:00:00", "value_kWh": 7.99, "delta_h": 24, "value_p1_kWh": 2.87, "value_p2_kWh": 2.73, "value_p3_kWh": 2.4}, {"datetime": "2022-05-20T00:00:00", "value_kWh": 7.66, "delta_h": 24, "value_p1_kWh": 3.14, "value_p2_kWh": 2.57, "value_p3_kWh": 1.96}, {"datetime": "2022-05-21T00:00:00", "value_kWh": 8.24, "delta_h": 24, "value_p1_kWh": 0, "value_p2_kWh": 0, "value_p3_kWh": 8.24}, {"datetime": "2022-05-22T00:00:00", "value_kWh": 8.76, "delta_h": 24, "value_p1_kWh": 0, "value_p2_kWh": 0, "value_p3_kWh": 8.76}, {"datetime": "2022-05-23T00:00:00", "value_kWh": 9.15, "delta_h": 24, "value_p1_kWh": 2.77, "value_p2_kWh": 3.95, "value_p3_kWh": 2.43}, {"datetime": "2022-05-24T00:00:00", "value_kWh": 10.72, "delta_h": 24, "value_p1_kWh": 3.44, "value_p2_kWh": 3.07, "value_p3_kWh": 4.21}, {"datetime": "2022-05-25T00:00:00", "value_kWh": 8.9, "delta_h": 24, "value_p1_kWh": 3.33, "value_p2_kWh": 3.07, "value_p3_kWh": 2.49}, {"datetime": "2022-05-26T00:00:00", "value_kWh": 8.69, "delta_h": 24, "value_p1_kWh": 2.81, "value_p2_kWh": 3.26, "value_p3_kWh": 2.61}, {"datetime": "2022-05-27T00:00:00", "value_kWh": 7.95, "delta_h": 24, "value_p1_kWh": 3.23, "value_p2_kWh": 2.65, "value_p3_kWh": 2.06}, {"datetime": "2022-05-28T00:00:00", "value_kWh": 8.04, "delta_h": 24, "value_p1_kWh": 0, "value_p2_kWh": 0, "value_p3_kWh": 8.04}, {"datetime": "2022-05-29T00:00:00", "value_kWh": 10.51, "delta_h": 24, "value_p1_kWh": 0, "value_p2_kWh": 0, "value_p3_kWh": 10.51}, {"datetime": "2022-05-30T00:00:00", "value_kWh": 10.3, "delta_h": 24, "value_p1_kWh": 3.11, "value_p2_kWh": 4.92, "value_p3_kWh": 2.27}, {"datetime": "2022-05-31T00:00:00", "value_kWh": 10.32, "delta_h": 24, "value_p1_kWh": 3.19, "value_p2_kWh": 3.28, "value_p3_kWh": 3.85}, {"datetime": "2022-06-01T00:00:00", "value_kWh": 9.26, "delta_h": 24, "value_p1_kWh": 3.05, "value_p2_kWh": 3.92, "value_p3_kWh": 2.29}, {"datetime": "2022-06-02T00:00:00", "value_kWh": 7.89, "delta_h": 24, "value_p1_kWh": 2.86, "value_p2_kWh": 3.24, "value_p3_kWh": 1.79}, {"datetime": "2022-06-03T00:00:00", "value_kWh": 9.57, "delta_h": 24, "value_p1_kWh": 2.98, "value_p2_kWh": 3.64, "value_p3_kWh": 2.95}, {"datetime": "2022-06-04T00:00:00", "value_kWh": 9.41, "delta_h": 24, "value_p1_kWh": 0, "value_p2_kWh": 0, "value_p3_kWh": 9.41}, {"datetime": "2022-06-05T00:00:00", "value_kWh": 11.38, "delta_h": 24, "value_p1_kWh": 0, "value_p2_kWh": 0, "value_p3_kWh": 11.38}, {"datetime": "2022-06-06T00:00:00", "value_kWh": 9.55, "delta_h": 24, "value_p1_kWh": 3.02, "value_p2_kWh": 3.5, "value_p3_kWh": 3.03}, {"datetime": "2022-06-07T00:00:00", "value_kWh": 10.29, "delta_h": 24, "value_p1_kWh": 3.53, "value_p2_kWh": 4.75, "value_p3_kWh": 2.01}, {"datetime": "2022-06-08T00:00:00", "value_kWh": 7.56, "delta_h": 24, "value_p1_kWh": 2.69, "value_p2_kWh": 2.95, "value_p3_kWh": 1.91}, {"datetime": "2022-06-09T00:00:00", "value_kWh": 9.28, "delta_h": 24, "value_p1_kWh": 4.53, "value_p2_kWh": 2.92, "value_p3_kWh": 1.84}, {"datetime": "2022-06-10T00:00:00", "value_kWh": 11.01, "delta_h": 24, "value_p1_kWh": 3.24, "value_p2_kWh": 4.49, "value_p3_kWh": 3.29}, {"datetime": "2022-06-11T00:00:00", "value_kWh": 8.21, "delta_h": 24, "value_p1_kWh": 0, "value_p2_kWh": 0, "value_p3_kWh": 8.21}, {"datetime": "2022-06-12T00:00:00", "value_kWh": 7.09, "delta_h": 24, "value_p1_kWh": 0, "value_p2_kWh": 0, "value_p3_kWh": 7.09}, {"datetime": "2022-06-13T00:00:00", "value_kWh": 9.34, "delta_h": 24, "value_p1_kWh": 4.21, "value_p2_kWh": 3.39, "value_p3_kWh": 1.75}, {"datetime": "2022-06-14T00:00:00", "value_kWh": 7.04, "delta_h": 24, "value_p1_kWh": 2.64, "value_p2_kWh": 2.62, "value_p3_kWh": 1.77}, {"datetime": "2022-06-15T00:00:00", "value_kWh": 8.61, "delta_h": 24, "value_p1_kWh": 4.4, "value_p2_kWh": 2.46, "value_p3_kWh": 1.75}, {"datetime": "2022-06-16T00:00:00", "value_kWh": 6.76, "delta_h": 24, "value_p1_kWh": 2.46, "value_p2_kWh": 2.53, "value_p3_kWh": 1.76}, {"datetime": "2022-06-17T00:00:00", "value_kWh": 7.73, "delta_h": 24, "value_p1_kWh": 3.78, "value_p2_kWh": 2.23, "value_p3_kWh": 1.72}, {"datetime": "2022-06-18T00:00:00", "value_kWh": 9.38, "delta_h": 24, "value_p1_kWh": 0, "value_p2_kWh": 0, "value_p3_kWh": 9.38}, {"datetime": "2022-06-19T00:00:00", "value_kWh": 10.55, "delta_h": 24, "value_p1_kWh": 0, "value_p2_kWh": 0, "value_p3_kWh": 10.55}, {"datetime": "2022-06-20T00:00:00", "value_kWh": 6.23, "delta_h": 24, "value_p1_kWh": 1.99, "value_p2_kWh": 2.41, "value_p3_kWh": 1.82}, {"datetime": "2022-06-21T00:00:00", "value_kWh": 8.76, "delta_h": 24, "value_p1_kWh": 4.24, "value_p2_kWh": 2.4, "value_p3_kWh": 2.12}, {"datetime": "2022-06-22T00:00:00", "value_kWh": 6.24, "delta_h": 24, "value_p1_kWh": 2.15, "value_p2_kWh": 2.44, "value_p3_kWh": 1.66}, {"datetime": "2022-06-23T00:00:00", "value_kWh": 7.62, "delta_h": 24, "value_p1_kWh": 2.55, "value_p2_kWh": 3.45, "value_p3_kWh": 1.61}, {"datetime": "2022-06-24T00:00:00", "value_kWh": 8.76, "delta_h": 24, "value_p1_kWh": 2.49, "value_p2_kWh": 3.0, "value_p3_kWh": 3.27}, {"datetime": "2022-06-25T00:00:00", "value_kWh": 6.99, "delta_h": 24, "value_p1_kWh": 0, "value_p2_kWh": 0, "value_p3_kWh": 6.99}, {"datetime": "2022-06-26T00:00:00", "value_kWh": 8.26, "delta_h": 24, "value_p1_kWh": 0, "value_p2_kWh": 0, "value_p3_kWh": 8.26}, {"datetime": "2022-06-27T00:00:00", "value_kWh": 7.23, "delta_h": 24, "value_p1_kWh": 2.25, "value_p2_kWh": 3.21, "value_p3_kWh": 1.77}, {"datetime": "2022-06-28T00:00:00", "value_kWh": 10.79, "delta_h": 24, "value_p1_kWh": 3.03, "value_p2_kWh": 4.48, "value_p3_kWh": 3.27}, {"datetime": "2022-06-29T00:00:00", "value_kWh": 10.09, "delta_h": 24, "value_p1_kWh": 3.17, "value_p2_kWh": 3.29, "value_p3_kWh": 3.63}, {"datetime": "2022-06-30T00:00:00", "value_kWh": 8.57, "delta_h": 24, "value_p1_kWh": 2.9, "value_p2_kWh": 3.53, "value_p3_kWh": 2.13}, {"datetime": "2022-07-01T00:00:00", "value_kWh": 12.33, "delta_h": 24, "value_p1_kWh": 4.55, "value_p2_kWh": 4.8, "value_p3_kWh": 2.97}, {"datetime": "2022-07-02T00:00:00", "value_kWh": 11.26, "delta_h": 24, "value_p1_kWh": 0, "value_p2_kWh": 0, "value_p3_kWh": 11.26}, {"datetime": "2022-07-03T00:00:00", "value_kWh": 12.34, "delta_h": 24, "value_p1_kWh": 0, "value_p2_kWh": 0, "value_p3_kWh": 12.34}, {"datetime": "2022-07-04T00:00:00", "value_kWh": 9.43, "delta_h": 24, "value_p1_kWh": 3.97, "value_p2_kWh": 3.41, "value_p3_kWh": 2.05}, {"datetime": "2022-07-05T00:00:00", "value_kWh": 7.26, "delta_h": 24, "value_p1_kWh": 2.51, "value_p2_kWh": 2.88, "value_p3_kWh": 1.87}, {"datetime": "2022-07-06T00:00:00", "value_kWh": 10.62, "delta_h": 24, "value_p1_kWh": 2.73, "value_p2_kWh": 4.8, "value_p3_kWh": 3.09}, {"datetime": "2022-07-07T00:00:00", "value_kWh": 10.15, "delta_h": 24, "value_p1_kWh": 2.95, "value_p2_kWh": 3.23, "value_p3_kWh": 3.97}, {"datetime": "2022-07-08T00:00:00", "value_kWh": 10.2, "delta_h": 24, "value_p1_kWh": 3.53, "value_p2_kWh": 4.61, "value_p3_kWh": 2.06}, {"datetime": "2022-07-09T00:00:00", "value_kWh": 11.08, "delta_h": 24, "value_p1_kWh": 0, "value_p2_kWh": 0, "value_p3_kWh": 11.08}, {"datetime": "2022-07-10T00:00:00", "value_kWh": 11.02, "delta_h": 24, "value_p1_kWh": 0, "value_p2_kWh": 0, "value_p3_kWh": 11.02}, {"datetime": "2022-07-11T00:00:00", "value_kWh": 12.5, "delta_h": 24, "value_p1_kWh": 4.37, "value_p2_kWh": 5.09, "value_p3_kWh": 3.04}, {"datetime": "2022-07-12T00:00:00", "value_kWh": 8.86, "delta_h": 24, "value_p1_kWh": 2.93, "value_p2_kWh": 3.36, "value_p3_kWh": 2.58}, {"datetime": "2022-07-13T00:00:00", "value_kWh": 11.54, "delta_h": 24, "value_p1_kWh": 2.8, "value_p2_kWh": 5.36, "value_p3_kWh": 3.38}, {"datetime": "2022-07-14T00:00:00", "value_kWh": 9.86, "delta_h": 24, "value_p1_kWh": 3.04, "value_p2_kWh": 4.59, "value_p3_kWh": 2.23}, {"datetime": "2022-07-15T00:00:00", "value_kWh": 10.92, "delta_h": 24, "value_p1_kWh": 3.03, "value_p2_kWh": 3.53, "value_p3_kWh": 4.36}, {"datetime": "2022-07-16T00:00:00", "value_kWh": 8.77, "delta_h": 24, "value_p1_kWh": 0, "value_p2_kWh": 0, "value_p3_kWh": 8.77}, {"datetime": "2022-07-17T00:00:00", "value_kWh": 11.59, "delta_h": 24, "value_p1_kWh": 0, "value_p2_kWh": 0, "value_p3_kWh": 11.59}, {"datetime": "2022-07-18T00:00:00", "value_kWh": 9.11, "delta_h": 24, "value_p1_kWh": 2.71, "value_p2_kWh": 4.29, "value_p3_kWh": 2.11}, {"datetime": "2022-07-19T00:00:00", "value_kWh": 10.19, "delta_h": 24, "value_p1_kWh": 2.55, "value_p2_kWh": 5.49, "value_p3_kWh": 2.15}, {"datetime": "2022-07-20T00:00:00", "value_kWh": 10.56, "delta_h": 24, "value_p1_kWh": 2.78, "value_p2_kWh": 4.1, "value_p3_kWh": 3.69}, {"datetime": "2022-07-21T00:00:00", "value_kWh": 13.68, "delta_h": 24, "value_p1_kWh": 4.09, "value_p2_kWh": 6.27, "value_p3_kWh": 3.32}, {"datetime": "2022-07-22T00:00:00", "value_kWh": 9.93, "delta_h": 24, "value_p1_kWh": 3.6, "value_p2_kWh": 3.98, "value_p3_kWh": 2.36}, {"datetime": "2022-07-23T00:00:00", "value_kWh": 9.38, "delta_h": 24, "value_p1_kWh": 0, "value_p2_kWh": 0, "value_p3_kWh": 9.38}, {"datetime": "2022-07-24T00:00:00", "value_kWh": 12.08, "delta_h": 24, "value_p1_kWh": 0, "value_p2_kWh": 0, "value_p3_kWh": 12.08}, {"datetime": "2022-07-25T00:00:00", "value_kWh": 12.26, "delta_h": 24, "value_p1_kWh": 3.15, "value_p2_kWh": 5.62, "value_p3_kWh": 3.48}, {"datetime": "2022-07-26T00:00:00", "value_kWh": 15.72, "delta_h": 24, "value_p1_kWh": 7.6, "value_p2_kWh": 5.57, "value_p3_kWh": 2.55}, {"datetime": "2022-07-27T00:00:00", "value_kWh": 12.78, "delta_h": 24, "value_p1_kWh": 3.85, "value_p2_kWh": 5.29, "value_p3_kWh": 3.63}, {"datetime": "2022-07-28T00:00:00", "value_kWh": 10.61, "delta_h": 24, "value_p1_kWh": 2.89, "value_p2_kWh": 4.79, "value_p3_kWh": 2.93}, {"datetime": "2022-07-29T00:00:00", "value_kWh": 8.99, "delta_h": 24, "value_p1_kWh": 2.49, "value_p2_kWh": 3.27, "value_p3_kWh": 3.23}, {"datetime": "2022-07-30T00:00:00", "value_kWh": 13.24, "delta_h": 24, "value_p1_kWh": 0, "value_p2_kWh": 0, "value_p3_kWh": 13.24}, {"datetime": "2022-07-31T00:00:00", "value_kWh": 11.07, "delta_h": 24, "value_p1_kWh": 0, "value_p2_kWh": 0, "value_p3_kWh": 11.07}, {"datetime": "2022-08-01T00:00:00", "value_kWh": 16.22, "delta_h": 24, "value_p1_kWh": 5.88, "value_p2_kWh": 8.16, "value_p3_kWh": 2.18}, {"datetime": "2022-08-02T00:00:00", "value_kWh": 12.06, "delta_h": 24, "value_p1_kWh": 2.71, "value_p2_kWh": 5.36, "value_p3_kWh": 3.99}, {"datetime": "2022-08-03T00:00:00", "value_kWh": 10.72, "delta_h": 24, "value_p1_kWh": 3.08, "value_p2_kWh": 5.37, "value_p3_kWh": 2.26}, {"datetime": "2022-08-04T00:00:00", "value_kWh": 12.86, "delta_h": 24, "value_p1_kWh": 5.48, "value_p2_kWh": 5.23, "value_p3_kWh": 2.14}, {"datetime": "2022-08-05T00:00:00", "value_kWh": 15.7, "delta_h": 24, "value_p1_kWh": 3.18, "value_p2_kWh": 8.41, "value_p3_kWh": 4.11}, {"datetime": "2022-08-06T00:00:00", "value_kWh": 9.98, "delta_h": 24, "value_p1_kWh": 0, "value_p2_kWh": 0, "value_p3_kWh": 9.98}, {"datetime": "2022-08-07T00:00:00", "value_kWh": 15.83, "delta_h": 24, "value_p1_kWh": 0, "value_p2_kWh": 0, "value_p3_kWh": 15.83}, {"datetime": "2022-08-08T00:00:00", "value_kWh": 11.18, "delta_h": 24, "value_p1_kWh": 2.47, "value_p2_kWh": 6.6, "value_p3_kWh": 2.11}, {"datetime": "2022-08-09T00:00:00", "value_kWh": 15.45, "delta_h": 24, "value_p1_kWh": 5.91, "value_p2_kWh": 7.51, "value_p3_kWh": 2.03}, {"datetime": "2022-08-10T00:00:00", "value_kWh": 13.32, "delta_h": 24, "value_p1_kWh": 3.95, "value_p2_kWh": 7.35, "value_p3_kWh": 2.03}, {"datetime": "2022-08-11T00:00:00", "value_kWh": 18.55, "delta_h": 24, "value_p1_kWh": 7.61, "value_p2_kWh": 9.04, "value_p3_kWh": 1.89}, {"datetime": "2022-08-12T00:00:00", "value_kWh": 19.47, "delta_h": 24, "value_p1_kWh": 7.15, "value_p2_kWh": 10.43, "value_p3_kWh": 1.89}, {"datetime": "2022-08-13T00:00:00", "value_kWh": 18.6, "delta_h": 24, "value_p1_kWh": 0, "value_p2_kWh": 0, "value_p3_kWh": 18.6}, {"datetime": "2022-08-14T00:00:00", "value_kWh": 24.93, "delta_h": 24, "value_p1_kWh": 0, "value_p2_kWh": 0, "value_p3_kWh": 24.93}, {"datetime": "2022-08-15T00:00:00", "value_kWh": 10.56, "delta_h": 24, "value_p1_kWh": 0, "value_p2_kWh": 0, "value_p3_kWh": 10.56}, {"datetime": "2022-08-16T00:00:00", "value_kWh": 20.48, "delta_h": 24, "value_p1_kWh": 8.24, "value_p2_kWh": 9.54, "value_p3_kWh": 2.7}, {"datetime": "2022-08-17T00:00:00", "value_kWh": 11.01, "delta_h": 24, "value_p1_kWh": 3.89, "value_p2_kWh": 4.56, "value_p3_kWh": 2.56}, {"datetime": "2022-08-18T00:00:00", "value_kWh": 8.77, "delta_h": 24, "value_p1_kWh": 2.53, "value_p2_kWh": 4.25, "value_p3_kWh": 1.98}, {"datetime": "2022-08-19T00:00:00", "value_kWh": 10.14, "delta_h": 24, "value_p1_kWh": 3.42, "value_p2_kWh": 3.97, "value_p3_kWh": 2.75}, {"datetime": "2022-08-20T00:00:00", "value_kWh": 8.11, "delta_h": 24, "value_p1_kWh": 0, "value_p2_kWh": 0, "value_p3_kWh": 8.11}, {"datetime": "2022-08-21T00:00:00", "value_kWh": 10.85, "delta_h": 24, "value_p1_kWh": 0, "value_p2_kWh": 0, "value_p3_kWh": 10.85}, {"datetime": "2022-08-22T00:00:00", "value_kWh": 16.64, "delta_h": 24, "value_p1_kWh": 7.01, "value_p2_kWh": 5.64, "value_p3_kWh": 3.99}, {"datetime": "2022-08-23T00:00:00", "value_kWh": 9.12, "delta_h": 24, "value_p1_kWh": 2.67, "value_p2_kWh": 4.43, "value_p3_kWh": 2.01}, {"datetime": "2022-08-24T00:00:00", "value_kWh": 12.33, "delta_h": 24, "value_p1_kWh": 2.59, "value_p2_kWh": 7.82, "value_p3_kWh": 1.92}, {"datetime": "2022-08-25T00:00:00", "value_kWh": 8.47, "delta_h": 24, "value_p1_kWh": 2.86, "value_p2_kWh": 3.62, "value_p3_kWh": 1.98}, {"datetime": "2022-08-26T00:00:00", "value_kWh": 8.56, "delta_h": 24, "value_p1_kWh": 2.66, "value_p2_kWh": 4.08, "value_p3_kWh": 1.82}, {"datetime": "2022-08-27T00:00:00", "value_kWh": 17.43, "delta_h": 24, "value_p1_kWh": 0, "value_p2_kWh": 0, "value_p3_kWh": 17.43}, {"datetime": "2022-08-28T00:00:00", "value_kWh": 10.55, "delta_h": 24, "value_p1_kWh": 0, "value_p2_kWh": 0, "value_p3_kWh": 10.55}, {"datetime": "2022-08-29T00:00:00", "value_kWh": 9.33, "delta_h": 24, "value_p1_kWh": 3.15, "value_p2_kWh": 3.9, "value_p3_kWh": 2.28}, {"datetime": "2022-08-30T00:00:00", "value_kWh": 8.61, "delta_h": 24, "value_p1_kWh": 2.55, "value_p2_kWh": 4.03, "value_p3_kWh": 2.03}, {"datetime": "2022-08-31T00:00:00", "value_kWh": 11.01, "delta_h": 24, "value_p1_kWh": 5.67, "value_p2_kWh": 3.34, "value_p3_kWh": 2.0}, {"datetime": "2022-09-01T00:00:00", "value_kWh": 11.02, "delta_h": 24, "value_p1_kWh": 3.22, "value_p2_kWh": 4.3, "value_p3_kWh": 3.5}, {"datetime": "2022-09-02T00:00:00", "value_kWh": 12.72, "delta_h": 24, "value_p1_kWh": 4.9, "value_p2_kWh": 4.45, "value_p3_kWh": 3.38}, {"datetime": "2022-09-03T00:00:00", "value_kWh": 9.05, "delta_h": 24, "value_p1_kWh": 0, "value_p2_kWh": 0, "value_p3_kWh": 9.05}, {"datetime": "2022-09-04T00:00:00", "value_kWh": 11.19, "delta_h": 24, "value_p1_kWh": 0, "value_p2_kWh": 0, "value_p3_kWh": 11.19}, {"datetime": "2022-09-05T00:00:00", "value_kWh": 10.16, "delta_h": 24, "value_p1_kWh": 3.97, "value_p2_kWh": 4.29, "value_p3_kWh": 1.91}, {"datetime": "2022-09-06T00:00:00", "value_kWh": 9.25, "delta_h": 24, "value_p1_kWh": 2.89, "value_p2_kWh": 4.26, "value_p3_kWh": 2.1}, {"datetime": "2022-09-07T00:00:00", "value_kWh": 8.59, "delta_h": 24, "value_p1_kWh": 2.94, "value_p2_kWh": 3.53, "value_p3_kWh": 2.12}, {"datetime": "2022-09-08T00:00:00", "value_kWh": 10.83, "delta_h": 24, "value_p1_kWh": 3.77, "value_p2_kWh": 3.3, "value_p3_kWh": 3.76}, {"datetime": "2022-09-09T00:00:00", "value_kWh": 10.61, "delta_h": 24, "value_p1_kWh": 2.92, "value_p2_kWh": 4.26, "value_p3_kWh": 3.44}, {"datetime": "2022-09-10T00:00:00", "value_kWh": 8.48, "delta_h": 24, "value_p1_kWh": 0, "value_p2_kWh": 0, "value_p3_kWh": 8.48}, {"datetime": "2022-09-11T00:00:00", "value_kWh": 12.26, "delta_h": 24, "value_p1_kWh": 0, "value_p2_kWh": 0, "value_p3_kWh": 12.26}, {"datetime": "2022-09-12T00:00:00", "value_kWh": 9.95, "delta_h": 24, "value_p1_kWh": 3.65, "value_p2_kWh": 3.87, "value_p3_kWh": 2.43}, {"datetime": "2022-09-13T00:00:00", "value_kWh": 9.03, "delta_h": 24, "value_p1_kWh": 3.03, "value_p2_kWh": 3.88, "value_p3_kWh": 2.12}, {"datetime": "2022-09-14T00:00:00", "value_kWh": 11.4, "delta_h": 24, "value_p1_kWh": 4.36, "value_p2_kWh": 3.45, "value_p3_kWh": 3.59}, {"datetime": "2022-09-15T00:00:00", "value_kWh": 14.53, "delta_h": 24, "value_p1_kWh": 4.12, "value_p2_kWh": 6.83, "value_p3_kWh": 3.59}, {"datetime": "2022-09-16T00:00:00", "value_kWh": 10.29, "delta_h": 24, "value_p1_kWh": 3.09, "value_p2_kWh": 5.12, "value_p3_kWh": 2.08}, {"datetime": "2022-09-17T00:00:00", "value_kWh": 9.13, "delta_h": 24, "value_p1_kWh": 0, "value_p2_kWh": 0, "value_p3_kWh": 9.13}, {"datetime": "2022-09-18T00:00:00", "value_kWh": 11.52, "delta_h": 24, "value_p1_kWh": 0, "value_p2_kWh": 0, "value_p3_kWh": 11.52}, {"datetime": "2022-09-19T00:00:00", "value_kWh": 9.38, "delta_h": 24, "value_p1_kWh": 2.87, "value_p2_kWh": 4.2, "value_p3_kWh": 2.31}, {"datetime": "2022-09-20T00:00:00", "value_kWh": 12.92, "delta_h": 24, "value_p1_kWh": 2.79, "value_p2_kWh": 7.86, "value_p3_kWh": 2.26}, {"datetime": "2022-09-21T00:00:00", "value_kWh": 11.02, "delta_h": 24, "value_p1_kWh": 3.5, "value_p2_kWh": 4.36, "value_p3_kWh": 3.16}, {"datetime": "2022-09-22T00:00:00", "value_kWh": 8.9, "delta_h": 24, "value_p1_kWh": 3.05, "value_p2_kWh": 3.87, "value_p3_kWh": 1.97}, {"datetime": "2022-09-23T00:00:00", "value_kWh": 9.0, "delta_h": 24, "value_p1_kWh": 2.76, "value_p2_kWh": 4.36, "value_p3_kWh": 1.88}, {"datetime": "2022-09-24T00:00:00", "value_kWh": 9.37, "delta_h": 24, "value_p1_kWh": 0, "value_p2_kWh": 0, "value_p3_kWh": 9.37}, {"datetime": "2022-09-25T00:00:00", "value_kWh": 14.24, "delta_h": 24, "value_p1_kWh": 0, "value_p2_kWh": 0, "value_p3_kWh": 14.24}, {"datetime": "2022-09-26T00:00:00", "value_kWh": 11.83, "delta_h": 24, "value_p1_kWh": 3.38, "value_p2_kWh": 5.27, "value_p3_kWh": 3.18}, {"datetime": "2022-09-27T00:00:00", "value_kWh": 9.54, "delta_h": 24, "value_p1_kWh": 3.58, "value_p2_kWh": 3.69, "value_p3_kWh": 2.27}, {"datetime": "2022-09-28T00:00:00", "value_kWh": 11.71, "delta_h": 24, "value_p1_kWh": 4.37, "value_p2_kWh": 4.4, "value_p3_kWh": 2.93}, {"datetime": "2022-09-29T00:00:00", "value_kWh": 8.72, "delta_h": 24, "value_p1_kWh": 2.74, "value_p2_kWh": 4.04, "value_p3_kWh": 1.94}, {"datetime": "2022-09-30T00:00:00", "value_kWh": 9.85, "delta_h": 24, "value_p1_kWh": 2.68, "value_p2_kWh": 4.96, "value_p3_kWh": 2.21}, {"datetime": "2022-10-01T00:00:00", "value_kWh": 8.49, "delta_h": 24, "value_p1_kWh": 0, "value_p2_kWh": 0, "value_p3_kWh": 8.49}, {"datetime": "2022-10-02T00:00:00", "value_kWh": 12.56, "delta_h": 24, "value_p1_kWh": 0, "value_p2_kWh": 0, "value_p3_kWh": 12.56}, {"datetime": "2022-10-03T00:00:00", "value_kWh": 11.86, "delta_h": 24, "value_p1_kWh": 3.53, "value_p2_kWh": 4.56, "value_p3_kWh": 3.77}, {"datetime": "2022-10-04T00:00:00", "value_kWh": 12.47, "delta_h": 24, "value_p1_kWh": 6.5, "value_p2_kWh": 3.81, "value_p3_kWh": 2.16}, {"datetime": "2022-10-05T00:00:00", "value_kWh": 8.7, "delta_h": 24, "value_p1_kWh": 2.7, "value_p2_kWh": 4.23, "value_p3_kWh": 1.77}, {"datetime": "2022-10-06T00:00:00", "value_kWh": 11.49, "delta_h": 24, "value_p1_kWh": 4.0, "value_p2_kWh": 4.48, "value_p3_kWh": 3.01}, {"datetime": "2022-10-07T00:00:00", "value_kWh": 13.07, "delta_h": 24, "value_p1_kWh": 5.68, "value_p2_kWh": 4.13, "value_p3_kWh": 3.27}, {"datetime": "2022-10-08T00:00:00", "value_kWh": 9.44, "delta_h": 24, "value_p1_kWh": 0, "value_p2_kWh": 0, "value_p3_kWh": 9.44}, {"datetime": "2022-10-09T00:00:00", "value_kWh": 11.94, "delta_h": 24, "value_p1_kWh": 0, "value_p2_kWh": 0, "value_p3_kWh": 11.94}, {"datetime": "2022-10-10T00:00:00", "value_kWh": 8.92, "delta_h": 24, "value_p1_kWh": 3.1, "value_p2_kWh": 3.81, "value_p3_kWh": 2.02}, {"datetime": "2022-10-11T00:00:00", "value_kWh": 9.93, "delta_h": 24, "value_p1_kWh": 2.57, "value_p2_kWh": 5.03, "value_p3_kWh": 2.33}, {"datetime": "2022-10-12T00:00:00", "value_kWh": 8.82, "delta_h": 24, "value_p1_kWh": 0, "value_p2_kWh": 0, "value_p3_kWh": 8.82}, {"datetime": "2022-10-13T00:00:00", "value_kWh": 12.65, "delta_h": 24, "value_p1_kWh": 5.0, "value_p2_kWh": 4.63, "value_p3_kWh": 3.02}, {"datetime": "2022-10-14T00:00:00", "value_kWh": 10.82, "delta_h": 24, "value_p1_kWh": 4.69, "value_p2_kWh": 4.17, "value_p3_kWh": 1.96}, {"datetime": "2022-10-15T00:00:00", "value_kWh": 8.44, "delta_h": 24, "value_p1_kWh": 0, "value_p2_kWh": 0, "value_p3_kWh": 8.44}, {"datetime": "2022-10-16T00:00:00", "value_kWh": 10.11, "delta_h": 24, "value_p1_kWh": 0, "value_p2_kWh": 0, "value_p3_kWh": 10.11}, {"datetime": "2022-10-17T00:00:00", "value_kWh": 9.48, "delta_h": 24, "value_p1_kWh": 3.31, "value_p2_kWh": 4.23, "value_p3_kWh": 1.94}, {"datetime": "2022-10-18T00:00:00", "value_kWh": 8.54, "delta_h": 24, "value_p1_kWh": 3.01, "value_p2_kWh": 3.7, "value_p3_kWh": 1.83}, {"datetime": "2022-10-19T00:00:00", "value_kWh": 8.84, "delta_h": 24, "value_p1_kWh": 2.92, "value_p2_kWh": 4.06, "value_p3_kWh": 1.85}, {"datetime": "2022-10-20T00:00:00", "value_kWh": 11.44, "delta_h": 24, "value_p1_kWh": 4.33, "value_p2_kWh": 3.7, "value_p3_kWh": 3.42}, {"datetime": "2022-10-21T00:00:00", "value_kWh": 12.74, "delta_h": 24, "value_p1_kWh": 3.14, "value_p2_kWh": 6.1, "value_p3_kWh": 3.5}, {"datetime": "2022-10-22T00:00:00", "value_kWh": 7.5, "delta_h": 24, "value_p1_kWh": 0, "value_p2_kWh": 0, "value_p3_kWh": 7.5}, {"datetime": "2022-10-23T00:00:00", "value_kWh": 10.09, "delta_h": 24, "value_p1_kWh": 0, "value_p2_kWh": 0, "value_p3_kWh": 10.09}, {"datetime": "2022-10-24T00:00:00", "value_kWh": 0.57, "delta_h": 3, "value_p1_kWh": 0, "value_p2_kWh": 0, "value_p3_kWh": 0.57}], "monthly": [{"datetime": "2022-03-01T00:00:00", "value_kWh": 215.34, "delta_h": 550, "value_p1_kWh": 62.68, "value_p2_kWh": 58.34, "value_p3_kWh": 94.32}, {"datetime": "2022-04-01T00:00:00", "value_kWh": 274.17, "delta_h": 720, "value_p1_kWh": 66.72, "value_p2_kWh": 67.55, "value_p3_kWh": 139.91}, {"datetime": "2022-05-01T00:00:00", "value_kWh": 274.23, "delta_h": 744, "value_p1_kWh": 65.67, "value_p2_kWh": 73.11, "value_p3_kWh": 135.44}, {"datetime": "2022-06-01T00:00:00", "value_kWh": 259.44, "delta_h": 720, "value_p1_kWh": 68.17, "value_p2_kWh": 70.84, "value_p3_kWh": 120.43}, {"datetime": "2022-07-01T00:00:00", "value_kWh": 339.35, "delta_h": 744, "value_p1_kWh": 72.13, "value_p2_kWh": 94.34, "value_p3_kWh": 172.88}, {"datetime": "2022-08-01T00:00:00", "value_kWh": 406.82, "delta_h": 744, "value_p1_kWh": 94.68, "value_p2_kWh": 132.65, "value_p3_kWh": 179.49}, {"datetime": "2022-09-01T00:00:00", "value_kWh": 316.48, "delta_h": 720, "value_p1_kWh": 74.56, "value_p2_kWh": 98.56, "value_p3_kWh": 143.36}, {"datetime": "2022-10-01T00:00:00", "value_kWh": 238.89, "delta_h": 555, "value_p1_kWh": 54.46, "value_p2_kWh": 60.62, "value_p3_kWh": 123.81}]}